INFO:werkzeug:[31m[1mWARNING: This is a development server. Do not use it in a production deployment. Use a production WSGI server instead.[0m
 * Running on http://127.0.0.1:5000
INFO:werkzeug:[33mPress CTRL+C to quit[0m
INFO:werkzeug: * Restarting with stat
WARNING:werkzeug: * Debugger is active!
INFO:werkzeug: * Debugger PIN: 529-571-113
INFO:root:Открытие главной страницы
INFO:werkzeug:127.0.0.1 - - [01/May/2023 17:53:19] "GET / HTTP/1.1" 200 -
INFO:werkzeug:127.0.0.1 - - [01/May/2023 17:53:19] "GET /static/style.css HTTP/1.1" 200 -
INFO:werkzeug:127.0.0.1 - - [01/May/2023 17:53:19] "[33mGET /favicon.ico HTTP/1.1[0m" 404 -
INFO:werkzeug:127.0.0.1 - - [01/May/2023 17:53:43] "GET /post HTTP/1.1" 200 -
INFO:werkzeug:127.0.0.1 - - [01/May/2023 17:53:43] "[36mGET /static/style.css HTTP/1.1[0m" 304 -
INFO:root:Открытие главной страницы
INFO:werkzeug:127.0.0.1 - - [01/May/2023 17:53:51] "GET / HTTP/1.1" 200 -
INFO:werkzeug:127.0.0.1 - - [01/May/2023 17:53:51] "[36mGET /static/style.css HTTP/1.1[0m" 304 -
INFO:werkzeug:127.0.0.1 - - [01/May/2023 17:53:58] "[32mGET /search?s=ррр HTTP/1.1[0m" 308 -
INFO:root:Поиск поста по слову: ррр
INFO:werkzeug:127.0.0.1 - - [01/May/2023 17:53:58] "[35m[1mGET /search/?s=ррр HTTP/1.1[0m" 500 -
INFO:werkzeug:127.0.0.1 - - [01/May/2023 17:53:58] "GET /search/?__debugger__=yes&cmd=resource&f=style.css HTTP/1.1" 200 -
INFO:werkzeug:127.0.0.1 - - [01/May/2023 17:53:58] "GET /search/?__debugger__=yes&cmd=resource&f=debugger.js HTTP/1.1" 200 -
INFO:werkzeug:127.0.0.1 - - [01/May/2023 17:53:58] "GET /search/?__debugger__=yes&cmd=resource&f=console.png HTTP/1.1" 200 -
INFO:werkzeug:127.0.0.1 - - [01/May/2023 17:53:58] "[36mGET /search/?__debugger__=yes&cmd=resource&f=console.png HTTP/1.1[0m" 304 -
INFO:werkzeug:[31m[1mWARNING: This is a development server. Do not use it in a production deployment. Use a production WSGI server instead.[0m
 * Running on http://127.0.0.1:5000
INFO:werkzeug:[33mPress CTRL+C to quit[0m
INFO:werkzeug: * Restarting with stat
WARNING:werkzeug: * Debugger is active!
INFO:werkzeug: * Debugger PIN: 529-571-113
INFO:root:Открытие главной страницы
INFO:werkzeug:127.0.0.1 - - [01/May/2023 17:57:01] "GET / HTTP/1.1" 200 -
INFO:werkzeug:127.0.0.1 - - [01/May/2023 17:57:01] "[36mGET /static/style.css HTTP/1.1[0m" 304 -
INFO:werkzeug:127.0.0.1 - - [01/May/2023 17:57:06] "[32mGET /search?s=ввв HTTP/1.1[0m" 308 -
INFO:root:Поиск поста по слову: ввв
INFO:werkzeug:127.0.0.1 - - [01/May/2023 17:57:06] "[35m[1mGET /search/?s=ввв HTTP/1.1[0m" 500 -
INFO:werkzeug:127.0.0.1 - - [01/May/2023 17:57:06] "[36mGET /search/?__debugger__=yes&cmd=resource&f=style.css HTTP/1.1[0m" 304 -
INFO:werkzeug:127.0.0.1 - - [01/May/2023 17:57:06] "[36mGET /search/?__debugger__=yes&cmd=resource&f=debugger.js HTTP/1.1[0m" 304 -
INFO:werkzeug:127.0.0.1 - - [01/May/2023 17:57:06] "[36mGET /search/?__debugger__=yes&cmd=resource&f=console.png HTTP/1.1[0m" 304 -
INFO:werkzeug:[31m[1mWARNING: This is a development server. Do not use it in a production deployment. Use a production WSGI server instead.[0m
 * Running on http://127.0.0.1:5000
INFO:werkzeug:[33mPress CTRL+C to quit[0m
INFO:werkzeug: * Restarting with stat
WARNING:werkzeug: * Debugger is active!
INFO:werkzeug: * Debugger PIN: 529-571-113
INFO:root:Поиск поста по слову: ввв
INFO:werkzeug:127.0.0.1 - - [01/May/2023 17:58:44] "GET /search/?s=ввв HTTP/1.1" 200 -
INFO:werkzeug:127.0.0.1 - - [01/May/2023 17:58:44] "[36mGET /static/style.css HTTP/1.1[0m" 304 -
INFO:root:Открытие главной страницы
INFO:werkzeug:127.0.0.1 - - [01/May/2023 17:58:51] "GET / HTTP/1.1" 200 -
INFO:werkzeug:127.0.0.1 - - [01/May/2023 17:58:52] "[36mGET /static/style.css HTTP/1.1[0m" 304 -
INFO:werkzeug:127.0.0.1 - - [01/May/2023 17:58:53] "GET /post HTTP/1.1" 200 -
INFO:werkzeug:127.0.0.1 - - [01/May/2023 17:58:53] "[36mGET /static/style.css HTTP/1.1[0m" 304 -
INFO:root:Данные не загружены, отсутствует часть данных
INFO:werkzeug:127.0.0.1 - - [01/May/2023 17:58:58] "POST /post HTTP/1.1" 200 -
INFO:werkzeug:127.0.0.1 - - [01/May/2023 17:59:01] "GET /post HTTP/1.1" 200 -
INFO:werkzeug:127.0.0.1 - - [01/May/2023 17:59:26] "POST /post HTTP/1.1" 200 -
INFO:werkzeug:127.0.0.1 - - [01/May/2023 17:59:26] "[36mGET /static/style.css HTTP/1.1[0m" 304 -
INFO:werkzeug:127.0.0.1 - - [01/May/2023 17:59:26] "[33mGET /uploads/images/2022-01-20_17-07-10.png HTTP/1.1[0m" 404 -
INFO:werkzeug:127.0.0.1 - - [01/May/2023 17:59:28] "GET /post HTTP/1.1" 200 -
INFO:werkzeug:127.0.0.1 - - [01/May/2023 17:59:28] "[36mGET /static/style.css HTTP/1.1[0m" 304 -
INFO:root:Открытие главной страницы
INFO:werkzeug:127.0.0.1 - - [01/May/2023 17:59:31] "GET / HTTP/1.1" 200 -
INFO:werkzeug:127.0.0.1 - - [01/May/2023 17:59:31] "[36mGET /static/style.css HTTP/1.1[0m" 304 -
INFO:werkzeug:127.0.0.1 - - [01/May/2023 17:59:35] "[32mGET /search?s=ddd HTTP/1.1[0m" 308 -
INFO:root:Поиск поста по слову: ddd
INFO:werkzeug:127.0.0.1 - - [01/May/2023 17:59:35] "GET /search/?s=ddd HTTP/1.1" 200 -
INFO:werkzeug:127.0.0.1 - - [01/May/2023 17:59:35] "[36mGET /static/style.css HTTP/1.1[0m" 304 -
INFO:werkzeug:127.0.0.1 - - [01/May/2023 17:59:35] "[33mGET /search/uploads/images/2022-01-20_17-07-10.png HTTP/1.1[0m" 404 -
INFO:werkzeug:127.0.0.1 - - [01/May/2023 17:59:44] "[33mGET /search/uploads/images/2022-01-20_17-07-10.png HTTP/1.1[0m" 404 -
INFO:root:Поиск поста по слову: ddd
INFO:werkzeug:127.0.0.1 - - [01/May/2023 17:59:55] "GET /search/?s=ddd HTTP/1.1" 200 -
INFO:werkzeug:127.0.0.1 - - [01/May/2023 17:59:55] "GET /static/style.css HTTP/1.1" 200 -
INFO:werkzeug:127.0.0.1 - - [01/May/2023 17:59:55] "[33mGET /search/uploads/images/2022-01-20_17-07-10.png HTTP/1.1[0m" 404 -
INFO:werkzeug:127.0.0.1 - - [01/May/2023 17:59:55] "[33mGET /favicon.ico HTTP/1.1[0m" 404 -
INFO:werkzeug:127.0.0.1 - - [01/May/2023 18:00:02] "[33mGET /search/uploads/images/2022-01-20_17-07-10.png HTTP/1.1[0m" 404 -
INFO:root:Открытие главной страницы
INFO:werkzeug:127.0.0.1 - - [01/May/2023 18:00:12] "GET / HTTP/1.1" 200 -
INFO:werkzeug:127.0.0.1 - - [01/May/2023 18:00:12] "[36mGET /static/style.css HTTP/1.1[0m" 304 -
INFO:werkzeug:127.0.0.1 - - [01/May/2023 18:00:17] "[32mGET /search?s=dd HTTP/1.1[0m" 308 -
INFO:root:Поиск поста по слову: dd
INFO:werkzeug:127.0.0.1 - - [01/May/2023 18:00:17] "GET /search/?s=dd HTTP/1.1" 200 -
INFO:werkzeug:127.0.0.1 - - [01/May/2023 18:00:17] "[36mGET /static/style.css HTTP/1.1[0m" 304 -
INFO:werkzeug:127.0.0.1 - - [01/May/2023 18:00:17] "[33mGET /search/uploads/images/2022-01-20_17-07-10.png HTTP/1.1[0m" 404 -
INFO:root:Открытие главной страницы
INFO:werkzeug:127.0.0.1 - - [01/May/2023 18:00:20] "GET / HTTP/1.1" 200 -
INFO:werkzeug:127.0.0.1 - - [01/May/2023 18:00:20] "[36mGET /static/style.css HTTP/1.1[0m" 304 -
INFO:werkzeug:[31m[1mWARNING: This is a development server. Do not use it in a production deployment. Use a production WSGI server instead.[0m
 * Running on http://127.0.0.1:5000
INFO:werkzeug:[33mPress CTRL+C to quit[0m
INFO:werkzeug: * Restarting with stat
WARNING:werkzeug: * Debugger is active!
INFO:werkzeug: * Debugger PIN: 529-571-113
INFO:werkzeug:127.0.0.1 - - [01/May/2023 18:03:55] "[32mGET /search?s= HTTP/1.1[0m" 308 -
INFO:root:Поиск поста по слову: 
INFO:werkzeug:127.0.0.1 - - [01/May/2023 18:03:55] "GET /search/?s= HTTP/1.1" 200 -
INFO:werkzeug:127.0.0.1 - - [01/May/2023 18:03:55] "[33mGET /search/uploads/images/2022-01-20_17-07-10.png HTTP/1.1[0m" 404 -
INFO:werkzeug:127.0.0.1 - - [01/May/2023 18:03:55] "GET /static/style.css HTTP/1.1" 200 -
INFO:werkzeug:127.0.0.1 - - [01/May/2023 18:04:01] "GET /post HTTP/1.1" 200 -
INFO:werkzeug:127.0.0.1 - - [01/May/2023 18:04:01] "[36mGET /static/style.css HTTP/1.1[0m" 304 -
INFO:root:Поиск поста по слову: 
INFO:werkzeug:127.0.0.1 - - [01/May/2023 18:04:06] "GET /search/?s= HTTP/1.1" 200 -
INFO:werkzeug:127.0.0.1 - - [01/May/2023 18:04:06] "[33mGET /search/uploads/images/2022-01-20_17-07-10.png HTTP/1.1[0m" 404 -
INFO:werkzeug:127.0.0.1 - - [01/May/2023 18:04:06] "[36mGET /static/style.css HTTP/1.1[0m" 304 -
INFO:werkzeug:[31m[1mWARNING: This is a development server. Do not use it in a production deployment. Use a production WSGI server instead.[0m
 * Running on http://127.0.0.1:5000
INFO:werkzeug:[33mPress CTRL+C to quit[0m
INFO:werkzeug: * Restarting with stat
WARNING:werkzeug: * Debugger is active!
INFO:werkzeug: * Debugger PIN: 529-571-113
INFO:root:Открытие главной страницы
INFO:werkzeug:127.0.0.1 - - [02/May/2023 15:28:06] "GET / HTTP/1.1" 200 -
INFO:werkzeug:127.0.0.1 - - [02/May/2023 15:28:06] "[36mGET /static/style.css HTTP/1.1[0m" 304 -
INFO:werkzeug:127.0.0.1 - - [02/May/2023 15:28:06] "[33mGET /favicon.ico HTTP/1.1[0m" 404 -
INFO:werkzeug:127.0.0.1 - - [02/May/2023 15:28:08] "[33mGET /post/form HTTP/1.1[0m" 404 -
INFO:werkzeug:[31m[1mWARNING: This is a development server. Do not use it in a production deployment. Use a production WSGI server instead.[0m
 * Running on http://127.0.0.1:5000
INFO:werkzeug:[33mPress CTRL+C to quit[0m
INFO:werkzeug: * Restarting with stat
WARNING:werkzeug: * Debugger is active!
INFO:werkzeug: * Debugger PIN: 529-571-113
INFO:werkzeug:127.0.0.1 - - [02/May/2023 15:29:01] "[33mGET /post/form HTTP/1.1[0m" 404 -
INFO:root:Открытие главной страницы
INFO:werkzeug:127.0.0.1 - - [02/May/2023 15:29:09] "GET / HTTP/1.1" 200 -
INFO:werkzeug:127.0.0.1 - - [02/May/2023 15:29:09] "[36mGET /static/style.css HTTP/1.1[0m" 304 -
INFO:werkzeug:127.0.0.1 - - [02/May/2023 15:29:11] "[33mGET /post HTTP/1.1[0m" 404 -
INFO:werkzeug:[31m[1mWARNING: This is a development server. Do not use it in a production deployment. Use a production WSGI server instead.[0m
 * Running on http://127.0.0.1:5000
INFO:werkzeug:[33mPress CTRL+C to quit[0m
INFO:werkzeug: * Restarting with stat
WARNING:werkzeug: * Debugger is active!
INFO:werkzeug: * Debugger PIN: 529-571-113
INFO:werkzeug:127.0.0.1 - - [02/May/2023 15:30:13] "GET /post HTTP/1.1" 200 -
INFO:werkzeug:127.0.0.1 - - [02/May/2023 15:30:13] "[36mGET /static/style.css HTTP/1.1[0m" 304 -
INFO:root:Данные не загружены, отсутствует часть данных
INFO:werkzeug:127.0.0.1 - - [02/May/2023 15:30:26] "POST /post HTTP/1.1" 200 -
INFO:werkzeug:127.0.0.1 - - [02/May/2023 15:30:29] "GET /post HTTP/1.1" 200 -
INFO:werkzeug:127.0.0.1 - - [02/May/2023 15:30:41] "[32mGET /search?s=ага HTTP/1.1[0m" 308 -
INFO:root:Поиск поста по слову: ага
INFO:werkzeug:127.0.0.1 - - [02/May/2023 15:30:41] "GET /search/?s=ага HTTP/1.1" 200 -
INFO:werkzeug:127.0.0.1 - - [02/May/2023 15:30:41] "[36mGET /static/style.css HTTP/1.1[0m" 304 -
